test_bool_not_integer (tests.test_models.TestModels.test_bool_not_integer) ... ok
test_canonical_excludes_execution_metadata (tests.test_models.TestModels.test_canonical_excludes_execution_metadata)
Duration/cache admission/hit/location changes leave canonical bytes identical; ... ok
test_content_facts_cannot_carry_occurrence (tests.test_models.TestModels.test_content_facts_cannot_carry_occurrence)
ContentFacts must not accept path or side. ... ok
test_duplicate_keys_rejected (tests.test_models.TestModels.test_duplicate_keys_rejected) ... ok
test_invalid_span_rejected (tests.test_models.TestModels.test_invalid_span_rejected) ... ok
test_item_accounting_recursive (tests.test_models.TestModels.test_item_accounting_recursive) ... ok
test_limit_failure_cannot_claim_support_or_complete (tests.test_models.TestModels.test_limit_failure_cannot_claim_support_or_complete) ... ok
test_malformed_utf8_rejected (tests.test_models.TestModels.test_malformed_utf8_rejected) ... ok
test_max_aggregate_items_rejected (tests.test_models.TestModels.test_max_aggregate_items_rejected) ... ok
test_max_depth_rejected (tests.test_models.TestModels.test_max_depth_rejected) ... ok
test_max_payload_bytes_rejected (tests.test_models.TestModels.test_max_payload_bytes_rejected) ... ok
test_max_string_bytes_rejected (tests.test_models.TestModels.test_max_string_bytes_rejected) ... ok
test_nonfinite_json_rejected (tests.test_models.TestModels.test_nonfinite_json_rejected) ... ok
test_prohibit_unknown_authority_fields (tests.test_models.TestModels.test_prohibit_unknown_authority_fields) ... ok
test_report_union_strict_tags (tests.test_models.TestModels.test_report_union_strict_tags) ... ok
test_roundtrip_full_report (tests.test_models.TestModels.test_roundtrip_full_report) ... ok
test_roundtrip_limit_failure (tests.test_models.TestModels.test_roundtrip_limit_failure) ... ok
test_surrogate_rejected (tests.test_models.TestModels.test_surrogate_rejected) ... ok
test_two_missing_imports_have_distinct_keys (tests.test_models.TestModels.test_two_missing_imports_have_distinct_keys) ... ok
test_ci_override_cannot_weaken_required_scope (tests.test_config.TestConfig.test_ci_override_cannot_weaken_required_scope) ... ok
test_defaults_exact (tests.test_config.TestConfig.test_defaults_exact) ... ok
test_glob_semantics (tests.test_config.TestConfig.test_glob_semantics) ... ok
test_minimum_finalization_capacity (tests.test_config.TestConfig.test_minimum_finalization_capacity) ... ok
test_unknown_key_error (tests.test_config.TestConfig.test_unknown_key_error) ... ok
test_all_evidence_accumulations (tests.test_evidence.TestEvidence.test_all_evidence_accumulations) ... ok
test_base_parse_failure_delta_unknown (tests.test_evidence.TestEvidence.test_base_parse_failure_delta_unknown) ... ok
test_conflict_not_blocker (tests.test_evidence.TestEvidence.test_conflict_not_blocker) ... ok
test_different_claim_or_revision_cannot_accumulate (tests.test_evidence.TestEvidence.test_different_claim_or_revision_cannot_accumulate) ... ok
test_duplicate_or_foreign_receipt_rejected (tests.test_evidence.TestEvidence.test_duplicate_or_foreign_receipt_rejected) ... ok
test_fatal_diagnostic_exit3 (tests.test_evidence.TestEvidence.test_fatal_diagnostic_exit3) ... ok
test_incomplete_precedes_finding_exit (tests.test_evidence.TestEvidence.test_incomplete_precedes_finding_exit) ... ok
test_missing_receipt_cannot_complete (tests.test_evidence.TestEvidence.test_missing_receipt_cannot_complete) ... ok
test_old_sink_new_witness_retained (tests.test_evidence.TestEvidence.test_old_sink_new_witness_retained) ... ok
test_shifted_line_same_obligation (tests.test_evidence.TestEvidence.test_shifted_line_same_obligation) ... ok
test_ambiguous_module_no_external_fallback (tests.test_python_facts.TestPythonFacts.test_ambiguous_module_no_external_fallback) ... ok
test_import_side_effect_not_executed (tests.test_python_facts.TestPythonFacts.test_import_side_effect_not_executed) ... ok
test_isolated_startup_ignores_site_and_paths (tests.test_python_facts.TestPythonFacts.test_isolated_startup_ignores_site_and_paths) ... ok
test_local_subprocess_shadows_external_model (tests.test_python_facts.TestPythonFacts.test_local_subprocess_shadows_external_model) ... ok
test_maximum_source_base64_fits_protocol (tests.test_python_facts.TestPythonFacts.test_maximum_source_base64_fits_protocol) ... ok
test_missing_external_module_partial (tests.test_python_facts.TestPythonFacts.test_missing_external_module_partial) ... ok
test_nested_functions_not_outer_mutation (tests.test_python_facts.TestPythonFacts.test_nested_functions_not_outer_mutation) ... ok
test_new_module_resolves_previous_miss (tests.test_python_facts.TestPythonFacts.test_new_module_resolves_previous_miss) ... ok
test_oversized_source_not_sent_to_worker (tests.test_python_facts.TestPythonFacts.test_oversized_source_not_sent_to_worker) ... ok
test_parameter_reassignment (tests.test_python_facts.TestPythonFacts.test_parameter_reassignment) ... ok
test_parse_failure_preserves_diff_coverage (tests.test_python_facts.TestPythonFacts.test_parse_failure_preserves_diff_coverage) ... ok
test_resolving_x_leaves_y_missing (tests.test_python_facts.TestPythonFacts.test_resolving_x_leaves_y_missing) ... ok
test_scope_shadowing_and_aliases (tests.test_python_facts.TestPythonFacts.test_scope_shadowing_and_aliases) ... ok
test_stdlib_identity_not_missing_context (tests.test_python_facts.TestPythonFacts.test_stdlib_identity_not_missing_context) ... ok
test_subprocess_alias_modeled (tests.test_python_facts.TestPythonFacts.test_subprocess_alias_modeled) ... ok
test_timeout_or_worker_crash_partial (tests.test_python_facts.TestPythonFacts.test_timeout_or_worker_crash_partial) ... ok
test_unicode_columns_crlf_exact (tests.test_python_facts.TestPythonFacts.test_unicode_columns_crlf_exact) ... ok
test_wrong_blob_or_span_rejected (tests.test_python_facts.TestPythonFacts.test_wrong_blob_or_span_rejected) ... ok
test_each_pinned_rule_case_has_expected_pattern_and_advisory_boundary (tests.test_e01_pinned_corpus.PinnedCorpusTests.test_each_pinned_rule_case_has_expected_pattern_and_advisory_boundary) ... ok
test_both_present_python_sides_have_independent_scope_receipts (tests.test_e01_core_regressions.CoreRegressionTests.test_both_present_python_sides_have_independent_scope_receipts) ... ok
test_cache_inside_reviewed_tree_not_admitted (tests.test_e01_core_regressions.CoreRegressionTests.test_cache_inside_reviewed_tree_not_admitted) ... ok
test_cache_location_controls_do_not_change_semantic_identity (tests.test_e01_core_regressions.CoreRegressionTests.test_cache_location_controls_do_not_change_semantic_identity) ... ok
test_constructor_defaults_and_typed_handlers_are_outside_pattern_scope (tests.test_e01_core_regressions.CoreRegressionTests.test_constructor_defaults_and_typed_handlers_are_outside_pattern_scope) ... ok
test_failed_discovery_cannot_seal_complete_scope (tests.test_e01_core_regressions.CoreRegressionTests.test_failed_discovery_cannot_seal_complete_scope) ... ok
test_slow_preparation_short_policy_still_bounded (tests.test_e01_core_regressions.CoreRegressionTests.test_slow_preparation_short_policy_still_bounded) ... ok
test_static_import_closure_cycles_and_unrelated_malformed_file (tests.test_e01_core_regressions.CoreRegressionTests.test_static_import_closure_cycles_and_unrelated_malformed_file) ... ok
test_structural_other_language_partial_exit2 (tests.test_e01_core_regressions.CoreRegressionTests.test_structural_other_language_partial_exit2) ... ok
test_invalid_ci_override_is_configuration_error_not_type_crash (tests.test_e01_config_contract.ConfigContractTests.test_invalid_ci_override_is_configuration_error_not_type_crash) ... ok
test_minimum_output_byte_item_depth_string_capacity (tests.test_e01_config_contract.ConfigContractTests.test_minimum_output_byte_item_depth_string_capacity) ... ok
test_wrong_types_nonfinite_and_nonpositive_limits_rejected (tests.test_e01_config_contract.ConfigContractTests.test_wrong_types_nonfinite_and_nonpositive_limits_rejected) ... ok
test_duplicate_alignment_obligations_remain_unknown (tests.test_e01_scope_evidence.ScopeEvidenceTests.test_duplicate_alignment_obligations_remain_unknown) ... ok
test_each_missing_duplicate_foreign_revision_capability_receipt_rejected (tests.test_e01_scope_evidence.ScopeEvidenceTests.test_each_missing_duplicate_foreign_revision_capability_receipt_rejected) ... ok
test_exhaustive_four_state_policy_decisions (tests.test_e01_scope_evidence.ScopeEvidenceTests.test_exhaustive_four_state_policy_decisions) ... ok
test_no_longer_detected_preserves_baseline_side_and_never_claims_fixed (tests.test_e01_scope_evidence.ScopeEvidenceTests.test_no_longer_detected_preserves_baseline_side_and_never_claims_fixed) ... ok
test_same_key_context_different_claim_type_cannot_accumulate (tests.test_e01_scope_evidence.ScopeEvidenceTests.test_same_key_context_different_claim_type_cannot_accumulate) ... ok
test_valid_head_claim_survives_unrelated_partial_scope (tests.test_e01_scope_evidence.ScopeEvidenceTests.test_valid_head_claim_survives_unrelated_partial_scope) ... ok
test_worker_cannot_shrink_coordinator_scope (tests.test_e01_scope_evidence.ScopeEvidenceTests.test_worker_cannot_shrink_coordinator_scope) ... ok
test_body_change_invalidates_pass_even_when_test_name_survives (tests.test_e01_evidence_integrity.EvidenceIntegrityTests.test_body_change_invalidates_pass_even_when_test_name_survives) ... ok
test_body_inventory_contains_exact_assertions_not_declarations (tests.test_e01_evidence_integrity.EvidenceIntegrityTests.test_body_inventory_contains_exact_assertions_not_declarations) ... ok
test_collector_records_failure_skip_and_subtest_separately (tests.test_e01_evidence_integrity.EvidenceIntegrityTests.test_collector_records_failure_skip_and_subtest_separately) ... ok
test_partial_coverage_cannot_earn_runtime_pass (tests.test_e01_evidence_integrity.EvidenceIntegrityTests.test_partial_coverage_cannot_earn_runtime_pass) ... ok
test_runtime_pass_requires_matching_case_receipt_and_source (tests.test_e01_evidence_integrity.EvidenceIntegrityTests.test_runtime_pass_requires_matching_case_receipt_and_source) ... ok
test_all_four_states_decisions (tests.test_e01_trust_matrix.EvidenceAuthority.test_all_four_states_decisions) ... ok
test_ambiguous_baseline_alignment_is_unknown (tests.test_e01_trust_matrix.EvidenceAuthority.test_ambiguous_baseline_alignment_is_unknown) ... ok
test_claim_type_is_independent (tests.test_e01_trust_matrix.EvidenceAuthority.test_claim_type_is_independent) ... ok
test_deleted_findings_remain_baseline_history (tests.test_e01_trust_matrix.EvidenceAuthority.test_deleted_findings_remain_baseline_history) ... ok
test_duplicate_coordinator_scope_cannot_complete (tests.test_e01_trust_matrix.EvidenceAuthority.test_duplicate_coordinator_scope_cannot_complete) ... ok
test_policy_does_not_depend_on_worker_supplied_diagnostics (tests.test_e01_trust_matrix.EvidenceAuthority.test_policy_does_not_depend_on_worker_supplied_diagnostics) ... ok
test_same_claim_different_context_is_independent (tests.test_e01_trust_matrix.EvidenceAuthority.test_same_claim_different_context_is_independent) ... ok
test_aggregate_diff_failure_is_visible (tests.test_e01_trust_matrix.ImmutableInputs.test_aggregate_diff_failure_is_visible) ... ok
test_bound_coordinates_validate_actual_source (tests.test_e01_trust_matrix.ImmutableInputs.test_bound_coordinates_validate_actual_source) ... ok
test_snapshot_malformed_record_never_omitted (tests.test_e01_trust_matrix.ImmutableInputs.test_snapshot_malformed_record_never_omitted) ... ok
test_snapshot_partial_output_never_admitted (tests.test_e01_trust_matrix.ImmutableInputs.test_snapshot_partial_output_never_admitted) ... ok
test_source_unicode_crlf_span_and_occurrence (tests.test_e01_trust_matrix.ImmutableInputs.test_source_unicode_crlf_span_and_occurrence) ... ok
test_all_formats_obey_report_byte_limit (tests.test_e01_output_contract.OutputContractTests.test_all_formats_obey_report_byte_limit) ... ok
test_all_formats_obey_report_item_limit (tests.test_e01_output_contract.OutputContractTests.test_all_formats_obey_report_item_limit) ... ok
test_all_formats_obey_work_cutoff (tests.test_e01_output_contract.OutputContractTests.test_all_formats_obey_work_cutoff) ... ok
test_all_full_formats_expose_requested_examined_and_revision_scope (tests.test_e01_output_contract.OutputContractTests.test_all_full_formats_expose_requested_examined_and_revision_scope) ... ok
test_baseline_history_is_not_current_sarif_result (tests.test_e01_output_contract.OutputContractTests.test_baseline_history_is_not_current_sarif_result) ... ok
test_cli_render_overflow_returns_schema_valid_failure_all_formats (tests.test_e01_output_contract.OutputContractTests.test_cli_render_overflow_returns_schema_valid_failure_all_formats) ... ok
test_explicit_diff_profile_disclaims_semantic_correctness_security (tests.test_e01_output_contract.OutputContractTests.test_explicit_diff_profile_disclaims_semantic_correctness_security) ... ok
test_failure_variant_present_in_sarif_properties (tests.test_e01_output_contract.OutputContractTests.test_failure_variant_present_in_sarif_properties) ... ok
test_incomplete_discovery_not_rendered_complete (tests.test_e01_output_contract.OutputContractTests.test_incomplete_discovery_not_rendered_complete) ... ok
test_markdown_visibly_escapes_controls_bidi_links_and_paths (tests.test_e01_output_contract.OutputContractTests.test_markdown_visibly_escapes_controls_bidi_links_and_paths) ... ok
test_sarif_uri_roundtrip_and_deleted_side (tests.test_e01_output_contract.OutputContractTests.test_sarif_uri_roundtrip_and_deleted_side) ... ok

----------------------------------------------------------------------
Ran 99 tests in 16.231s

OK
