test_bool_and_string_inline_coordinates_are_not_coerced (tests.test_e02_publication_closure.TestE02Closure.test_bool_and_string_inline_coordinates_are_not_coerced) ... 
  test_bool_and_string_inline_coordinates_are_not_coerced (tests.test_e02_publication_closure.TestE02Closure.test_bool_and_string_inline_coordinates_are_not_coerced) (value=True) ... FAIL
  test_bool_and_string_inline_coordinates_are_not_coerced (tests.test_e02_publication_closure.TestE02Closure.test_bool_and_string_inline_coordinates_are_not_coerced) (value='1') ... FAIL

======================================================================
FAIL: test_bool_and_string_inline_coordinates_are_not_coerced (tests.test_e02_publication_closure.TestE02Closure.test_bool_and_string_inline_coordinates_are_not_coerced) (value=True)
----------------------------------------------------------------------
Traceback (most recent call last):
  File "/Users/chicademy/Documents/Code/PullRaptor/tests/test_e02_publication_closure.py", line 114, in test_bool_and_string_inline_coordinates_are_not_coerced
    self.assertEqual(code, 3)
AssertionError: 0 != 3

======================================================================
FAIL: test_bool_and_string_inline_coordinates_are_not_coerced (tests.test_e02_publication_closure.TestE02Closure.test_bool_and_string_inline_coordinates_are_not_coerced) (value='1')
----------------------------------------------------------------------
Traceback (most recent call last):
  File "/Users/chicademy/Documents/Code/PullRaptor/tests/test_e02_publication_closure.py", line 114, in test_bool_and_string_inline_coordinates_are_not_coerced
    self.assertEqual(code, 3)
AssertionError: 0 != 3

----------------------------------------------------------------------
Ran 1 test in 0.003s

FAILED (failures=2)
PullRaptor Publisher: Published review comment 21 on PR #1
PullRaptor Publisher: Published review comment 21 on PR #1
